go : go: downloading github.com/ahmetkarakayaoffical/utils v0.0.0-20251014101747-824dc3574744
At line:1 char:1
+ go test ./... 2>&1 | tee test.log
+ ~~~~~~~~~~~~~~~~~~
    + CategoryInfo          : NotSpecified: (go: downloading...47-824dc3574744:String) [], RemoteException
    + FullyQualifiedErrorId : NativeCommandError
 
go: downloading github.com/ahmetkarakayaoffical/nats v0.0.0-20250930102922-09c2a23b0598
go: downloading github.com/ahmetkarakayaoffical/ent v0.0.0-20251007064418-7209a010112e
go: downloading github.com/ahmetkarakayaoffical/wingetcfg v0.0.0-20251011111407-80e823d91ea5
verifying github.com/ahmetkarakayaoffical/nats@v0.0.0-20250930102922-09c2a23b0598: checksum mismatch
	downloaded: h1:pszQx0oa0V2qUDktUNH+hrIzI31YTrrOXBPzSPJEQic=
	go.sum:     h1:ZoQPa5pxWDPr7uCgAKZ5M5phVc2zxAgfp7UppSroxMo=

SECURITY ERROR
This download does NOT match an earlier download recorded in go.sum.
The bits may have been replaced on the origin server, or an attacker may
have intercepted the download attempt.

For more information, see 'go help module-auth'.
